                               QUERY PLAN                               
------------------------------------------------------------------------
 Hash Join  (cost=xxx rows=100 width=xxx)
   Hash Cond: (t1.oid = t2.oid)
   ->  Seq Scan on tmpcl t1  (cost=xxx rows=100 width=xxx)
   ->  Hash  (cost=xxx rows=100 width=xxx)
         ->  Seq Scan on tmpcl t2  (cost=xxx rows=100 width=xxx)
(5 rows)

                               QUERY PLAN                               
------------------------------------------------------------------------
 Hash Join  (cost=xxx rows=1 width=xxx)
   Hash Cond: (t1.oid = t2.oid)
   ->  Seq Scan on tmpcl t1  (cost=xxx rows=100 width=xxx)
   ->  Hash  (cost=xxx rows=100 width=xxx)
         ->  Seq Scan on tmpcl t2  (cost=xxx rows=100 width=xxx)
(5 rows)

