                                QUERY PLAN                                 
---------------------------------------------------------------------------
 Merge Join  (cost=xxx rows=100 width=29)
   Merge Cond: (t1.c1 = t2.c1)
   ->  Index Scan using t1_i1 on t1  (cost=xxx rows=1000 width=15)
   ->  Sort  (cost=xxx rows=100 width=14)
         Sort Key: t2.c1
         ->  Seq Scan on t2  (cost=xxx rows=100 width=14)
(6 rows)

                                   QUERY PLAN                                    
---------------------------------------------------------------------------------
 Merge Join  (cost=xxx rows=100 width=73)
   Merge Cond: (t1.c1 = t2.c1)
   ->  Merge Join  (cost=xxx rows=1000 width=59)
         Merge Cond: (t1.c1 = t3.c1)
         ->  Index Scan using t1_i1 on t1  (cost=xxx rows=1000 width=15)
         ->  Index Scan using t3_i1 on t3  (cost=xxx rows=1100 width=44)
   ->  Sort  (cost=xxx rows=100 width=14)
         Sort Key: t2.c1
         ->  Seq Scan on t2  (cost=xxx rows=100 width=14)
(9 rows)

                                      QUERY PLAN                                       
---------------------------------------------------------------------------------------
 Merge Join  (cost=xxx rows=100 width=117)
   Merge Cond: (t1.c1 = t2.c1)
   ->  Merge Join  (cost=xxx rows=1000 width=103)
         Merge Cond: (t1.c1 = t4.c1)
         ->  Merge Join  (cost=xxx rows=1000 width=59)
               Merge Cond: (t1.c1 = t3.c1)
               ->  Index Scan using t1_i1 on t1  (cost=xxx rows=1000 width=15)
               ->  Index Scan using t3_i1 on t3  (cost=xxx rows=1100 width=44)
         ->  Index Scan using t4_i1 on t4  (cost=xxx rows=1100 width=44)
   ->  Sort  (cost=xxx rows=100 width=14)
         Sort Key: t2.c1
         ->  Seq Scan on t2  (cost=xxx rows=100 width=14)
(12 rows)

