                                      QUERY PLAN                                      
--------------------------------------------------------------------------------------
 Nested Loop  (cost=xxx rows=1 width=117)
   Join Filter: (t1.c1 = "*VALUES*".column1)
   ->  Nested Loop  (cost=xxx rows=1 width=73)
         ->  Hash Join  (cost=xxx rows=1 width=58)
               Hash Cond: (t2.c1 = "*VALUES*".column1)
               ->  Seq Scan on t2  (cost=xxx rows=100 width=14)
               ->  Hash  (cost=xxx rows=1 width=44)
                     ->  Values Scan on "*VALUES*"  (cost=xxx rows=1 width=44)
         ->  Index Scan using t1_i1 on t1  (cost=xxx rows=1 width=15)
               Index Cond: (c1 = t2.c1)
   ->  Values Scan on "*VALUES*"  (cost=xxx rows=2 width=44)
(11 rows)

                                      QUERY PLAN                                      
--------------------------------------------------------------------------------------
 Nested Loop  (cost=xxx rows=1 width=117)
   Join Filter: (t1.c1 = "*VALUES*".column1)
   ->  Nested Loop  (cost=xxx rows=1 width=73)
         ->  Hash Join  (cost=xxx rows=1 width=58)
               Hash Cond: (t2.c1 = "*VALUES*".column1)
               ->  Seq Scan on t2  (cost=xxx rows=100 width=14)
               ->  Hash  (cost=xxx rows=1 width=44)
                     ->  Values Scan on "*VALUES*"  (cost=xxx rows=1 width=44)
         ->  Index Scan using t1_i1 on t1  (cost=xxx rows=1 width=15)
               Index Cond: (c1 = t2.c1)
   ->  Values Scan on "*VALUES*"  (cost=xxx rows=2 width=44)
(11 rows)

                                      QUERY PLAN                                      
--------------------------------------------------------------------------------------
 Nested Loop  (cost=xxx rows=1 width=117)
   Join Filter: (t1.c1 = "*VALUES*".column1)
   ->  Nested Loop  (cost=xxx rows=1 width=73)
         ->  Hash Join  (cost=xxx rows=1 width=58)
               Hash Cond: (t2.c1 = "*VALUES*".column1)
               ->  Seq Scan on t2  (cost=xxx rows=100 width=14)
               ->  Hash  (cost=xxx rows=1 width=44)
                     ->  Values Scan on "*VALUES*"  (cost=xxx rows=1 width=44)
         ->  Index Scan using t1_i1 on t1  (cost=xxx rows=1 width=15)
               Index Cond: (c1 = t2.c1)
   ->  Values Scan on "*VALUES*"  (cost=xxx rows=2 width=44)
(11 rows)

